>Age: int
#^^^ source.genotype meta.alias.genotype entity.name.type.alias.genotype
#   ^ source.genotype meta.alias.genotype punctuation.separator.key-value.genotype
#    ^ source.genotype meta.alias.genotype
#     ^^^ source.genotype meta.alias.genotype storage.type.primitive.genotype
>
>AnotherAge: Age
#^^^^^^^^^^ source.genotype meta.alias.genotype entity.name.type.alias.genotype
#          ^ source.genotype meta.alias.genotype punctuation.separator.key-value.genotype
#           ^ source.genotype meta.alias.genotype
#            ^^^ source.genotype meta.alias.genotype entity.name.type.genotype
>
>snake_case: int
#^^^^^^^^^^ source.genotype meta.alias.genotype entity.name.type.alias.genotype
#          ^ source.genotype meta.alias.genotype punctuation.separator.key-value.genotype
#           ^ source.genotype meta.alias.genotype
#            ^^^ source.genotype meta.alias.genotype storage.type.primitive.genotype