>Message: Reply | DM
#^^^^^^^ source.genotype meta.alias.genotype entity.name.type.alias.genotype
#       ^ source.genotype meta.alias.genotype punctuation.separator.key-value.genotype
#        ^ source.genotype meta.alias.genotype
#         ^^^^^ source.genotype meta.alias.genotype entity.name.type.genotype
#              ^ source.genotype meta.alias.genotype
#               ^ source.genotype meta.alias.genotype keyword.operator.union.genotype
#                ^ source.genotype meta.alias.genotype
#                 ^^ source.genotype meta.alias.genotype entity.name.type.genotype
>
>Reply: {
#^^^^^ source.genotype meta.alias.genotype entity.name.type.alias.genotype
#     ^ source.genotype meta.alias.genotype punctuation.separator.key-value.genotype
#      ^ source.genotype meta.alias.genotype
#       ^ source.genotype meta.alias.genotype meta.object.type.genotype punctuation.section.block.begin.genotype
>  #[tag]
#^^ source.genotype meta.alias.genotype meta.object.type.genotype
#  ^^ source.genotype meta.alias.genotype meta.object.type.genotype meta.annotation.genotype punctuation.definition.annotation.begin.genotype
#    ^^^ source.genotype meta.alias.genotype meta.object.type.genotype meta.annotation.genotype entity.other.attribute-name.genotype
#       ^ source.genotype meta.alias.genotype meta.object.type.genotype meta.annotation.genotype punctuation.definition.annotation.end.genotype
>  type: "reply",
#^^ source.genotype meta.alias.genotype meta.object.type.genotype
#  ^^^^ source.genotype meta.alias.genotype meta.object.type.genotype meta.property.genotype variable.other.property.genotype
#      ^ source.genotype meta.alias.genotype meta.object.type.genotype meta.property.genotype punctuation.separator.key-value.genotype
#       ^ source.genotype meta.alias.genotype meta.object.type.genotype meta.property.genotype
#        ^ source.genotype meta.alias.genotype meta.object.type.genotype meta.property.genotype string.quoted.double.genotype punctuation.definition.string.begin.genotype
#         ^^^^^ source.genotype meta.alias.genotype meta.object.type.genotype meta.property.genotype string.quoted.double.genotype
#              ^ source.genotype meta.alias.genotype meta.object.type.genotype meta.property.genotype string.quoted.double.genotype punctuation.definition.string.end.genotype
#               ^ source.genotype meta.alias.genotype meta.object.type.genotype punctuation.separator.comma.genotype
>  message: string,
#^^ source.genotype meta.alias.genotype meta.object.type.genotype
#  ^^^^^^^ source.genotype meta.alias.genotype meta.object.type.genotype meta.property.genotype variable.other.property.genotype
#         ^ source.genotype meta.alias.genotype meta.object.type.genotype meta.property.genotype punctuation.separator.key-value.genotype
#          ^ source.genotype meta.alias.genotype meta.object.type.genotype meta.property.genotype
#           ^^^^^^ source.genotype meta.alias.genotype meta.object.type.genotype meta.property.genotype storage.type.primitive.genotype
#                 ^ source.genotype meta.alias.genotype meta.object.type.genotype punctuation.separator.comma.genotype
>}
#^ source.genotype meta.alias.genotype meta.object.type.genotype punctuation.section.block.end.genotype
>
>DM: {
#^^ source.genotype meta.alias.genotype entity.name.type.alias.genotype
#  ^ source.genotype meta.alias.genotype punctuation.separator.key-value.genotype
#   ^ source.genotype meta.alias.genotype
#    ^ source.genotype meta.alias.genotype meta.object.type.genotype punctuation.section.block.begin.genotype
>  #[tag]
#^^ source.genotype meta.alias.genotype meta.object.type.genotype
#  ^^ source.genotype meta.alias.genotype meta.object.type.genotype meta.annotation.genotype punctuation.definition.annotation.begin.genotype
#    ^^^ source.genotype meta.alias.genotype meta.object.type.genotype meta.annotation.genotype entity.other.attribute-name.genotype
#       ^ source.genotype meta.alias.genotype meta.object.type.genotype meta.annotation.genotype punctuation.definition.annotation.end.genotype
>  type: "dm",
#^^ source.genotype meta.alias.genotype meta.object.type.genotype
#  ^^^^ source.genotype meta.alias.genotype meta.object.type.genotype meta.property.genotype variable.other.property.genotype
#      ^ source.genotype meta.alias.genotype meta.object.type.genotype meta.property.genotype punctuation.separator.key-value.genotype
#       ^ source.genotype meta.alias.genotype meta.object.type.genotype meta.property.genotype
#        ^ source.genotype meta.alias.genotype meta.object.type.genotype meta.property.genotype string.quoted.double.genotype punctuation.definition.string.begin.genotype
#         ^^ source.genotype meta.alias.genotype meta.object.type.genotype meta.property.genotype string.quoted.double.genotype
#           ^ source.genotype meta.alias.genotype meta.object.type.genotype meta.property.genotype string.quoted.double.genotype punctuation.definition.string.end.genotype
#            ^ source.genotype meta.alias.genotype meta.object.type.genotype punctuation.separator.comma.genotype
>  message: string,
#^^ source.genotype meta.alias.genotype meta.object.type.genotype
#  ^^^^^^^ source.genotype meta.alias.genotype meta.object.type.genotype meta.property.genotype variable.other.property.genotype
#         ^ source.genotype meta.alias.genotype meta.object.type.genotype meta.property.genotype punctuation.separator.key-value.genotype
#          ^ source.genotype meta.alias.genotype meta.object.type.genotype meta.property.genotype
#           ^^^^^^ source.genotype meta.alias.genotype meta.object.type.genotype meta.property.genotype storage.type.primitive.genotype
#                 ^ source.genotype meta.alias.genotype meta.object.type.genotype punctuation.separator.comma.genotype
>}
#^ source.genotype meta.alias.genotype meta.object.type.genotype punctuation.section.block.end.genotype
>
>#[hello = "world"]
#^^ source.genotype meta.alias.genotype meta.annotation.genotype punctuation.definition.annotation.begin.genotype
#  ^^^^^ source.genotype meta.alias.genotype meta.annotation.genotype entity.other.attribute-name.genotype
#       ^ source.genotype meta.alias.genotype meta.annotation.genotype
#        ^ source.genotype meta.alias.genotype meta.annotation.genotype keyword.operator.assignment.genotype
#         ^ source.genotype meta.alias.genotype meta.annotation.genotype
#          ^ source.genotype meta.alias.genotype meta.annotation.genotype string.quoted.double.genotype punctuation.definition.string.begin.genotype
#           ^^^^^ source.genotype meta.alias.genotype meta.annotation.genotype string.quoted.double.genotype
#                ^ source.genotype meta.alias.genotype meta.annotation.genotype string.quoted.double.genotype punctuation.definition.string.end.genotype
#                 ^ source.genotype meta.alias.genotype meta.annotation.genotype punctuation.definition.annotation.end.genotype
>Assignment: 123
#^^^^^^^^^^ source.genotype meta.alias.genotype entity.name.type.alias.genotype
#          ^ source.genotype meta.alias.genotype punctuation.separator.key-value.genotype
#           ^ source.genotype meta.alias.genotype
#            ^^^ source.genotype meta.alias.genotype constant.numeric.integer.genotype
>
>#[hello("cruel", "world")]
#^^ source.genotype meta.alias.genotype meta.annotation.genotype punctuation.definition.annotation.begin.genotype
#  ^^^^^ source.genotype meta.alias.genotype meta.annotation.genotype entity.name.function.annotation.genotype
#       ^ source.genotype meta.alias.genotype meta.annotation.genotype meta.annotation.arguments.genotype punctuation.section.group.begin.genotype
#        ^ source.genotype meta.alias.genotype meta.annotation.genotype meta.annotation.arguments.genotype string.quoted.double.genotype punctuation.definition.string.begin.genotype
#         ^^^^^ source.genotype meta.alias.genotype meta.annotation.genotype meta.annotation.arguments.genotype string.quoted.double.genotype
#              ^ source.genotype meta.alias.genotype meta.annotation.genotype meta.annotation.arguments.genotype string.quoted.double.genotype punctuation.definition.string.end.genotype
#               ^ source.genotype meta.alias.genotype meta.annotation.genotype meta.annotation.arguments.genotype punctuation.separator.comma.genotype
#                ^ source.genotype meta.alias.genotype meta.annotation.genotype meta.annotation.arguments.genotype
#                 ^ source.genotype meta.alias.genotype meta.annotation.genotype meta.annotation.arguments.genotype string.quoted.double.genotype punctuation.definition.string.begin.genotype
#                  ^^^^^ source.genotype meta.alias.genotype meta.annotation.genotype meta.annotation.arguments.genotype string.quoted.double.genotype
#                       ^ source.genotype meta.alias.genotype meta.annotation.genotype meta.annotation.arguments.genotype string.quoted.double.genotype punctuation.definition.string.end.genotype
#                        ^ source.genotype meta.alias.genotype meta.annotation.genotype meta.annotation.arguments.genotype punctuation.section.group.end.genotype
#                         ^ source.genotype meta.alias.genotype meta.annotation.genotype punctuation.definition.annotation.end.genotype
>Arguments: true
#^^^^^^^^^ source.genotype meta.alias.genotype entity.name.type.alias.genotype
#         ^ source.genotype meta.alias.genotype punctuation.separator.key-value.genotype
#          ^ source.genotype meta.alias.genotype
#           ^^^^ source.genotype meta.alias.genotype constant.language.boolean.genotype
>
>#[hello(which = "cruel", what = "world")]
#^^ source.genotype meta.alias.genotype meta.annotation.genotype punctuation.definition.annotation.begin.genotype
#  ^^^^^ source.genotype meta.alias.genotype meta.annotation.genotype entity.name.function.annotation.genotype
#       ^ source.genotype meta.alias.genotype meta.annotation.genotype meta.annotation.arguments.genotype punctuation.section.group.begin.genotype
#        ^^^^^ source.genotype meta.alias.genotype meta.annotation.genotype meta.annotation.arguments.genotype variable.other.property.genotype
#             ^ source.genotype meta.alias.genotype meta.annotation.genotype meta.annotation.arguments.genotype
#              ^ source.genotype meta.alias.genotype meta.annotation.genotype meta.annotation.arguments.genotype keyword.operator.assignment.genotype
#               ^ source.genotype meta.alias.genotype meta.annotation.genotype meta.annotation.arguments.genotype
#                ^ source.genotype meta.alias.genotype meta.annotation.genotype meta.annotation.arguments.genotype string.quoted.double.genotype punctuation.definition.string.begin.genotype
#                 ^^^^^ source.genotype meta.alias.genotype meta.annotation.genotype meta.annotation.arguments.genotype string.quoted.double.genotype
#                      ^ source.genotype meta.alias.genotype meta.annotation.genotype meta.annotation.arguments.genotype string.quoted.double.genotype punctuation.definition.string.end.genotype
#                       ^ source.genotype meta.alias.genotype meta.annotation.genotype meta.annotation.arguments.genotype punctuation.separator.comma.genotype
#                        ^ source.genotype meta.alias.genotype meta.annotation.genotype meta.annotation.arguments.genotype
#                         ^^^^ source.genotype meta.alias.genotype meta.annotation.genotype meta.annotation.arguments.genotype variable.other.property.genotype
#                             ^ source.genotype meta.alias.genotype meta.annotation.genotype meta.annotation.arguments.genotype
#                              ^ source.genotype meta.alias.genotype meta.annotation.genotype meta.annotation.arguments.genotype keyword.operator.assignment.genotype
#                               ^ source.genotype meta.alias.genotype meta.annotation.genotype meta.annotation.arguments.genotype
#                                ^ source.genotype meta.alias.genotype meta.annotation.genotype meta.annotation.arguments.genotype string.quoted.double.genotype punctuation.definition.string.begin.genotype
#                                 ^^^^^ source.genotype meta.alias.genotype meta.annotation.genotype meta.annotation.arguments.genotype string.quoted.double.genotype
#                                      ^ source.genotype meta.alias.genotype meta.annotation.genotype meta.annotation.arguments.genotype string.quoted.double.genotype punctuation.definition.string.end.genotype
#                                       ^ source.genotype meta.alias.genotype meta.annotation.genotype meta.annotation.arguments.genotype punctuation.section.group.end.genotype
#                                        ^ source.genotype meta.alias.genotype meta.annotation.genotype punctuation.definition.annotation.end.genotype
>Properties: true
#^^^^^^^^^^ source.genotype meta.alias.genotype entity.name.type.alias.genotype
#          ^ source.genotype meta.alias.genotype punctuation.separator.key-value.genotype
#           ^ source.genotype meta.alias.genotype
#            ^^^^ source.genotype meta.alias.genotype constant.language.boolean.genotype
>
>Response: #[name = Success] SuccessResponse | #[name = Error] ErrorResponse
#^^^^^^^^ source.genotype meta.alias.genotype entity.name.type.alias.genotype
#        ^ source.genotype meta.alias.genotype punctuation.separator.key-value.genotype
#         ^ source.genotype meta.alias.genotype
#          ^^ source.genotype meta.alias.genotype meta.annotation.genotype punctuation.definition.annotation.begin.genotype
#            ^^^^ source.genotype meta.alias.genotype meta.annotation.genotype entity.other.attribute-name.genotype
#                ^^^ source.genotype meta.alias.genotype meta.annotation.genotype keyword.operator.assignment.genotype
#                   ^^^^^^^ source.genotype meta.alias.genotype meta.annotation.genotype entity.name.type.genotype
#                          ^ source.genotype meta.alias.genotype meta.annotation.genotype punctuation.definition.annotation.end.genotype
#                           ^ source.genotype meta.alias.genotype
#                            ^^^^^^^^^^^^^^^ source.genotype meta.alias.genotype entity.name.type.genotype
#                                           ^ source.genotype meta.alias.genotype
#                                            ^ source.genotype meta.alias.genotype keyword.operator.union.genotype
#                                             ^ source.genotype meta.alias.genotype
#                                              ^^ source.genotype meta.alias.genotype meta.annotation.genotype punctuation.definition.annotation.begin.genotype
#                                                ^^^^ source.genotype meta.alias.genotype meta.annotation.genotype entity.other.attribute-name.genotype
#                                                    ^^^ source.genotype meta.alias.genotype meta.annotation.genotype keyword.operator.assignment.genotype
#                                                       ^^^^^ source.genotype meta.alias.genotype meta.annotation.genotype entity.name.type.genotype
#                                                            ^ source.genotype meta.alias.genotype meta.annotation.genotype punctuation.definition.annotation.end.genotype
#                                                             ^ source.genotype meta.alias.genotype
#                                                              ^^^^^^^^^^^^^ source.genotype meta.alias.genotype entity.name.type.genotype
>
>Response:
#^^^^^^^^ source.genotype meta.alias.genotype entity.name.type.alias.genotype
#        ^ source.genotype meta.alias.genotype punctuation.separator.key-value.genotype
>  | #[name = Success]
#^^ source.genotype meta.alias.genotype
#  ^ source.genotype meta.alias.genotype keyword.operator.union.genotype
#   ^ source.genotype meta.alias.genotype
#    ^^ source.genotype meta.alias.genotype meta.annotation.genotype punctuation.definition.annotation.begin.genotype
#      ^^^^ source.genotype meta.alias.genotype meta.annotation.genotype entity.other.attribute-name.genotype
#          ^^^ source.genotype meta.alias.genotype meta.annotation.genotype keyword.operator.assignment.genotype
#             ^^^^^^^ source.genotype meta.alias.genotype meta.annotation.genotype entity.name.type.genotype
#                    ^ source.genotype meta.alias.genotype meta.annotation.genotype punctuation.definition.annotation.end.genotype
>  SuccessResponse
#^^ source.genotype meta.alias.genotype
#  ^^^^^^^^^^^^^^^ source.genotype meta.alias.genotype entity.name.type.genotype
>  | #[name = Error]
#^^ source.genotype meta.alias.genotype
#  ^ source.genotype meta.alias.genotype keyword.operator.union.genotype
#   ^ source.genotype meta.alias.genotype
#    ^^ source.genotype meta.alias.genotype meta.annotation.genotype punctuation.definition.annotation.begin.genotype
#      ^^^^ source.genotype meta.alias.genotype meta.annotation.genotype entity.other.attribute-name.genotype
#          ^^^ source.genotype meta.alias.genotype meta.annotation.genotype keyword.operator.assignment.genotype
#             ^^^^^ source.genotype meta.alias.genotype meta.annotation.genotype entity.name.type.genotype
#                  ^ source.genotype meta.alias.genotype meta.annotation.genotype punctuation.definition.annotation.end.genotype
>  ErrorResponse
#^^ source.genotype meta.alias.genotype
#  ^^^^^^^^^^^^^ source.genotype meta.alias.genotype entity.name.type.genotype
>
>Response:
#^^^^^^^^ source.genotype meta.alias.genotype entity.name.type.alias.genotype
#        ^ source.genotype meta.alias.genotype punctuation.separator.key-value.genotype
>  #[name = Success]
#^^ source.genotype meta.alias.genotype
#  ^^ source.genotype meta.alias.genotype meta.annotation.genotype punctuation.definition.annotation.begin.genotype
#    ^^^^ source.genotype meta.alias.genotype meta.annotation.genotype entity.other.attribute-name.genotype
#        ^^^ source.genotype meta.alias.genotype meta.annotation.genotype keyword.operator.assignment.genotype
#           ^^^^^^^ source.genotype meta.alias.genotype meta.annotation.genotype entity.name.type.genotype
#                  ^ source.genotype meta.alias.genotype meta.annotation.genotype punctuation.definition.annotation.end.genotype
>  SuccessResponse |
#^^ source.genotype meta.alias.genotype
#  ^^^^^^^^^^^^^^^ source.genotype meta.alias.genotype entity.name.type.genotype
#                 ^ source.genotype meta.alias.genotype
#                  ^ source.genotype meta.alias.genotype keyword.operator.union.genotype
>  #[name = Error]
#^^ source.genotype meta.alias.genotype
#  ^^ source.genotype meta.alias.genotype meta.annotation.genotype punctuation.definition.annotation.begin.genotype
#    ^^^^ source.genotype meta.alias.genotype meta.annotation.genotype entity.other.attribute-name.genotype
#        ^^^ source.genotype meta.alias.genotype meta.annotation.genotype keyword.operator.assignment.genotype
#           ^^^^^ source.genotype meta.alias.genotype meta.annotation.genotype entity.name.type.genotype
#                ^ source.genotype meta.alias.genotype meta.annotation.genotype punctuation.definition.annotation.end.genotype
>  ErrorResponse |
#^^ source.genotype meta.alias.genotype
#  ^^^^^^^^^^^^^ source.genotype meta.alias.genotype entity.name.type.genotype
#               ^ source.genotype meta.alias.genotype
#                ^ source.genotype meta.alias.genotype keyword.operator.union.genotype